FAIL	github.com/Shravanthi20/InDel/backend/internal/handlers/insurer [build failed]
go : # github.com/Shra
vanthi20/InDel/backend
/internal/handlers/ins
urer [github.com/Shrav
anthi20/InDel/backend/
internal/handlers/insu
rer.test]
At line:1 char:1
+ go test ./internal/h
andlers/insurer -v > 
test_output.txt 2>&1
+ ~~~~~~~~~~~~~~~~~~~~
~~~~~~~~~~~~~~~~~~~~~~
~~~~~~~~~~~~~~~~~~~
    + CategoryInfo    
          : NotSpeci  
  fied: (# github.c   
 om/Sh...s/insurer    
.test]:String) []    
, RemoteException
    + FullyQualifiedE 
   rrorId : NativeCo  
  mmandError
 
internal\handlers\insu
rer\claim_detail.go:10
8:60: syntax error: 
unexpected ( in 
parameter list; 
possibly missing 
comma or )
internal\handlers\insu
rer\claim_detail.go:13
1:4: syntax error: 
unexpected ) at end 
of statement
internal\handlers\insu
rer\claim_detail.go:14
3:2: syntax error: 
non-declaration 
statement outside 
function body
FAIL
